// Jest Snapshot v1, https://goo.gl/fbAQLP

exports[`<AAA/> renders and matches the snapshot 1`] = `"$220,000"`;
